Microchip MPLAB XC8 Compiler V1.34 ()

Linker command line:

-W-3 --edf=C:\Program Files (x86)\Microchip\xc8\v1.34\dat\en_msgs.txt -cs \
  -h+dist/default/production\RobotPartC.X.production.sym \
  --cmf=dist/default/production\RobotPartC.X.production.cmf -z -Q18F4525 \
  -oC:\Users\iaina\AppData\Local\Temp\s5b4.6 \
  -Mdist/default/production/RobotPartC.X.production.map -E1 -ver=XC8 \
  -ASTACK=080h-0f7fh -pstack=STACK -ACODE=00h-0BFFFh -ACONST=00h-0BFFFh \
  -ASMALLCONST=01000h-010FFhx176 -AMEDIUMCONST=01000h-0BFFFh \
  -ACOMRAM=01h-07Fh -AABS1=00h-0F7Fh -ABIGRAM=01h-0F7Fh \
  -ARAM=080h-0FFh,0100h-01FFhx14,0F00h-0F7Fh -ABANK0=080h-0FFh \
  -ABANK1=0100h-01FFh -ABANK2=0200h-02FFh -ABANK3=0300h-03FFh \
  -ABANK4=0400h-04FFh -ABANK5=0500h-05FFh -ABANK6=0600h-06FFh \
  -ABANK7=0700h-07FFh -ABANK8=0800h-08FFh -ABANK9=0900h-09FFh \
  -ABANK10=0A00h-0AFFh -ABANK11=0B00h-0BFFh -ABANK12=0C00h-0CFFh \
  -ABANK13=0D00h-0DFFh -ABANK14=0E00h-0EFFh -ABANK15=0F00h-0F7Fh \
  -ASFR=0F80h-0FFFh \
  -preset_vec=00h,intcode=08h,intcodelo,powerup,init,end_init \
  -pramtop=01000h -psmallconst=SMALLCONST -pmediumconst=MEDIUMCONST \
  -pconst=CONST -AFARRAM=00h-00h -ACONFIG=0300000h-030000Dh -pconfig=CONFIG \
  -AIDLOC=0200000h-0200007h -pidloc=IDLOC -AEEDATA=0F00000h-0F003FFh \
  -peeprom_data=EEDATA \
  -prdata=COMRAM,nvrram=COMRAM,nvbit=COMRAM,rbss=COMRAM,rbit=COMRAM \
  -pfarbss=FARRAM,fardata=FARRAM,nvFARRAM=FARRAM \
  -pintsave_regs=BIGRAM,bigbss=BIGRAM,bigdata=BIGRAM -pbss=RAM \
  -pidata=CODE,irdata=CODE,ibigdata=CODE,ifardata=CODE -prparam=COMRAM \
  C:\Users\iaina\AppData\Local\Temp\s5b4.obj \
  dist/default/production\RobotPartC.X.production.obj 

Object code version is 3.11

Machine type is 18F4525

Call graph: (short form)




                Name                               Link     Load   Length Selector   Space Scale
C:\Users\iaina\AppData\Local\Temp\s5b4.obj
                end_init                             18       18        4        4       0
                reset_vec                             0        0        4        0       0
                idloc                            200000   200000        8   200000       0
                config                           300000   300000        E   300000       0
dist/default/production\RobotPartC.X.production.obj
                intcode                               8        8       10        4       0
                smallconst                         1000     1000       80      800       0
                intcode_body                       148C     148C       7E      840       0
                text48                             157A     157A       62      840       0
                text47                             1AEA     1AEA        6      840       0
                text46                             1AF4     1AF4        2      840       0
                text45                             17D6     17D6       2E      840       0
                text44                             19A4     19A4       20      840       0
                text43                             1AB8     1AB8        E      840       0
                text42                             1AF0     1AF0        4      840       0
                text41                             1A8C     1A8C       10      840       0
                text40                             1A64     1A64       16      840       0
                text39                             1830     1830       28      840       0
                text38                             114E     114E       C4      840       0
                text37                             15DC     15DC       5E      840       0
                text36                             1A7A     1A7A       12      840       0
                text35                             176A     176A       38      840       0
                text34                             1A1A     1A1A       1C      840       0
                text33                             150A     150A       70      840       0
                text32                             1730     1730       3A      840       0
                text31                             16F6     16F6       3A      840       0
                text30                             1A36     1A36       18      840       0
                text29                             1AE4     1AE4        6      840       0
                text28                             1ADE     1ADE        6      840       0
                text27                             1AAA     1AAA        E      840       0
                text26                             1AD8     1AD8        6      840       0
                text25                             1AD2     1AD2        6      840       0
                text24                             1ACC     1ACC        6      840       0
                text23                             1984     1984       20      840       0
                text22                             12D2     12D2       AC      840       0
                text21                             19FE     19FE       1C      840       0
                text20                             19C4     19C4       1E      840       0
                text19                             19E2     19E2       1C      840       0
                text18                             1A4E     1A4E       16      840       0
                text17                             193C     193C       26      840       0
                text16                             1916     1916       26      840       0
                text15                             163A     163A       42      840       0
                text14                             1804     1804       2C      840       0
                text13                             137E     137E       90      840       0
                text12                             1AC6     1AC6        6      840       0
                text11                             16BA     16BA       3C      840       0
                text10                             1212     1212       C0      840       0
                text9                              18F0     18F0       26      840       0
                text8                              18CA     18CA       26      840       0
                text7                              18A4     18A4       26      840       0
                text6                              187E     187E       26      840       0
                text5                              1858     1858       26      840       0
                text4                              17A2     17A2       34      840       0
                text3                              1962     1962       22      840       0
                text2                              1080     1080       CE      840       0
                text1                              140E     140E       7E      840       0
                text0                              167C     167C       3E      840       0
                cstackCOMRAM                          1        1       1C        1       1
                bssCOMRAM                            1D       1D        4        1       1
                cinit                              1A9C     1A9C        E      840       0

TOTAL           Name                               Link     Load   Length     Space
        CLASS   STACK          

        CLASS   CODE           
                end_init                             18       18        4         0
                intcode                               8        8       10         0
                reset_vec                             0        0        4         0
                intcode_body                       148C     148C       7E         0
                text48                             157A     157A       62         0
                text47                             1AEA     1AEA        6         0
                text46                             1AF4     1AF4        2         0
                text45                             17D6     17D6       2E         0
                text44                             19A4     19A4       20         0
                text43                             1AB8     1AB8        E         0
                text42                             1AF0     1AF0        4         0
                text41                             1A8C     1A8C       10         0
                text40                             1A64     1A64       16         0
                text39                             1830     1830       28         0
                text38                             114E     114E       C4         0
                text37                             15DC     15DC       5E         0
                text36                             1A7A     1A7A       12         0
                text35                             176A     176A       38         0
                text34                             1A1A     1A1A       1C         0
                text33                             150A     150A       70         0
                text32                             1730     1730       3A         0
                text31                             16F6     16F6       3A         0
                text30                             1A36     1A36       18         0
                text29                             1AE4     1AE4        6         0
                text28                             1ADE     1ADE        6         0
                text27                             1AAA     1AAA        E         0
                text26                             1AD8     1AD8        6         0
                text25                             1AD2     1AD2        6         0
                text24                             1ACC     1ACC        6         0
                text23                             1984     1984       20         0
                text22                             12D2     12D2       AC         0
                text21                             19FE     19FE       1C         0
                text20                             19C4     19C4       1E         0
                text19                             19E2     19E2       1C         0
                text18                             1A4E     1A4E       16         0
                text17                             193C     193C       26         0
                text16                             1916     1916       26         0
                text15                             163A     163A       42         0
                text14                             1804     1804       2C         0
                text13                             137E     137E       90         0
                text12                             1AC6     1AC6        6         0
                text11                             16BA     16BA       3C         0
                text10                             1212     1212       C0         0
                text9                              18F0     18F0       26         0
                text8                              18CA     18CA       26         0
                text7                              18A4     18A4       26         0
                text6                              187E     187E       26         0
                text5                              1858     1858       26         0
                text4                              17A2     17A2       34         0
                text3                              1962     1962       22         0
                text2                              1080     1080       CE         0
                text1                              140E     140E       7E         0
                text0                              167C     167C       3E         0
                cinit                              1A9C     1A9C        E         0

        CLASS   CONST          

        CLASS   SMALLCONST     
                smallconst                         1000     1000       80         0

        CLASS   MEDIUMCONST    

        CLASS   COMRAM         
                cstackCOMRAM                          1        1       1C         1
                bssCOMRAM                            1D       1D        4         1

        CLASS   ABS1           

        CLASS   BIGRAM         

        CLASS   RAM            

        CLASS   BANK0          

        CLASS   BANK1          

        CLASS   BANK2          

        CLASS   BANK3          

        CLASS   BANK4          

        CLASS   BANK5          

        CLASS   BANK6          

        CLASS   BANK7          

        CLASS   BANK8          

        CLASS   BANK9          

        CLASS   BANK10         

        CLASS   BANK11         

        CLASS   BANK12         

        CLASS   BANK13         

        CLASS   BANK14         

        CLASS   BANK15         

        CLASS   SFR            

        CLASS   FARRAM         

        CLASS   CONFIG         
                config                           300000   300000        E         0

        CLASS   IDLOC          
                idloc                            200000   200000        8         0

        CLASS   EEDATA         



SEGMENTS        Name                           Load    Length   Top    Selector   Space  Class

                reset_vec                      000000  000004  000004         0       0  CODE    
                cstackCOMRAM                   000001  000020  000021         1       1  COMRAM  
                intcode                        000008  000014  00001C         4       0  CODE    
                smallconst                     001000  000080  001080       800       0  SMALLCON
                text2                          001080  000A76  001AF6       840       0  CODE    
                idloc                          200000  000008  200008    200000       0  IDLOC   
                config                         300000  00000E  30000E    300000       0  CONFIG  


UNUSED ADDRESS RANGES

        Name                Unused          Largest block    Delta
        BANK0            000080-0000FF               80
        BANK1            000100-0001FF              100
        BANK10           000A00-000AFF              100
        BANK11           000B00-000BFF              100
        BANK12           000C00-000CFF              100
        BANK13           000D00-000DFF              100
        BANK14           000E00-000EFF              100
        BANK15           000F00-000F7F               80
        BANK2            000200-0002FF              100
        BANK3            000300-0003FF              100
        BANK4            000400-0004FF              100
        BANK5            000500-0005FF              100
        BANK6            000600-0006FF              100
        BANK7            000700-0007FF              100
        BANK8            000800-0008FF              100
        BANK9            000900-0009FF              100
        BIGRAM           000021-000F7F              F5F
        CODE             000004-000007                4
                         00001C-000FFF              FE4
                         001AF6-00BFFF             A50A
        COMRAM           000021-00007F               5F
        CONST            000004-000007                4
                         00001C-000FFF              FE4
                         001AF6-00BFFF             A50A
        EEDATA           F00000-F003FF              400
        MEDIUMCONST      001AF6-00BFFF             A50A
        RAM              000080-000F7F              100
        SFR              000F80-000FFF               80
        SMALLCONST       001AF6-00BFFF              100
        STACK            000080-000F7F              F00

                                  Symbol Table

?_ReadADC                            cstackCOMRAM 00000F
?_adc                                cstackCOMRAM 000013
?_printf                             cstackCOMRAM 00000F
OpenADC@config                       cstackCOMRAM 000013
OpenADC@config2                      cstackCOMRAM 00000F
OpenADC@portconfig                   cstackCOMRAM 000010
OpenPWM1@period                      cstackCOMRAM 00000F
OpenPWM2@ccp2mx                      cstackCOMRAM 000010
OpenPWM2@period                      cstackCOMRAM 00000F
OpenTimer2@config                    cstackCOMRAM 00000F
OpenUSART@config                     cstackCOMRAM 000011
OpenUSART@spbrg                      cstackCOMRAM 00000F
PORtask@count1                       cstackCOMRAM 000014
PORtask@count2                       cstackCOMRAM 000018
SetChanADC@channel                   cstackCOMRAM 000010
SetDCPWM1@DCycle                     cstackCOMRAM 000013
SetDCPWM1@dutycycle                  cstackCOMRAM 00000F
SetDCPWM2@DCycle                     cstackCOMRAM 000013
SetDCPWM2@dutycycle                  cstackCOMRAM 00000F
WaitOneSecond@i                      cstackCOMRAM 000010
_ADCON0                              (abs)        000FC2
_ADCON0bits                          (abs)        000FC2
_ADCON1                              (abs)        000FC1
_ADCON2                              (abs)        000FC0
_ADRESH                              (abs)        000FC4
_ADRESL                              (abs)        000FC3
_BORtask                             text23       001984
_BusyADC                             text43       001AB8
_CCP1CON                             (abs)        000FBD
_CCP2CON                             (abs)        000FBA
_CCPR1L                              (abs)        000FBE
_CCPR2L                              (abs)        000FBB
_ConvertADC                          text42       001AF0
_HLVDCONbits                         (abs)        000FD2
_INTCONbits                          (abs)        000FF2
_IPR2bits                            (abs)        000FA2
_LVtrap                              text44       0019A4
_OSCCONbits                          (abs)        000FD3
_OSCTUNEbits                         (abs)        000F9B
_OpenADC                             text37       0015DC
_OpenPWM1                            text36       001A7A
_OpenPWM2                            text35       00176A
_OpenTimer2                          text34       001A1A
_OpenUSART                           text33       00150A
_PIE1bits                            (abs)        000F9D
_PIE2bits                            (abs)        000FA0
_PIR1bits                            (abs)        000F9E
_PIR2bits                            (abs)        000FA1
_PORTCbits                           (abs)        000F82
_PORTD                               (abs)        000F83
_PORTDbits                           (abs)        000F83
_PORTEbits                           (abs)        000F84
_PORtask                             text22       0012D2
_PR2                                 (abs)        000FCB
_RCONbits                            (abs)        000FD0
_RCSTA                               (abs)        000FAB
_RCSTAbits                           (abs)        000FAB
_RESETtask                           text21       0019FE
_ReadADC                             text41       001A8C
_SPBRG                               (abs)        000FAF
_SPBRGH                              (abs)        000FB0
_STKFULtask                          text20       0019C4
_STKPTRbits                          (abs)        000FFC
_SeeLine                             bssCOMRAM    00001F
_SetChanADC                          text40       001A64
_SetDCPWM1                           text32       001730
_SetDCPWM2                           text31       0016F6
_StatusReset                         text24       001ACC
_T2CON                               (abs)        000FCA
_T2CONbits                           (abs)        000FCA
_TMR2                                (abs)        000FCC
_TRISA                               (abs)        000F92
_TRISB                               (abs)        000F93
_TRISBbits                           (abs)        000F93
_TRISC                               (abs)        000F94
_TRISCbits                           (abs)        000F94
_TRISD                               (abs)        000F95
_TRISE                               (abs)        000F96
_TXSTA                               (abs)        000FAC
_TXSTAbits                           (abs)        000FAC
_WDTtask                             text19       0019E2
_WaitOneSecond                       text11       0016BA
__CFG_BOREN$ON                       (abs)        000000
__CFG_BORV$0                         (abs)        000000
__CFG_LVP$OFF                        (abs)        000000
__CFG_MCLRE$OFF                      (abs)        000000
__CFG_OSC$INTIO67                    (abs)        000000
__CFG_STVREN$ON                      (abs)        000000
__CFG_WDT$OFF                        (abs)        000000
__CFG_WDTPS$8                        (abs)        000000
__HRAM                               (abs)        000000
__Habs1                              abs1         000000
__Hbank0                             bank0        000000
__Hbank1                             bank1        000000
__Hbank10                            bank10       000000
__Hbank11                            bank11       000000
__Hbank12                            bank12       000000
__Hbank13                            bank13       000000
__Hbank14                            bank14       000000
__Hbank15                            bank15       000000
__Hbank2                             bank2        000000
__Hbank3                             bank3        000000
__Hbank4                             bank4        000000
__Hbank5                             bank5        000000
__Hbank6                             bank6        000000
__Hbank7                             bank7        000000
__Hbank8                             bank8        000000
__Hbank9                             bank9        000000
__Hbigbss                            bigbss       000000
__Hbigdata                           bigdata      000000
__Hbigram                            bigram       000000
__Hbss                               bss          000000
__HbssCOMRAM                         bssCOMRAM    000000
__Hcinit                             cinit        000000
__Hclrtext                           clrtext      000000
__Hcomram                            comram       000000
__Hconfig                            config       30000E
__Hconst                             const        000000
__HcstackCOMRAM                      cstackCOMRAM 000000
__Hdata                              data         000000
__Heeprom_data                       eeprom_data  000000
__Hend_init                          end_init     00001C
__Hfarbss                            farbss       000000
__Hfardata                           fardata      000000
__Hibigdata                          ibigdata     000000
__Hidata                             idata        000000
__Hidloc                             idloc        200008
__Hifardata                          ifardata     000000
__Hinit                              init         000018
__Hintcode                           intcode      000018
__Hintcode_body                      intcode_body 000000
__Hintcodelo                         intcodelo    000018
__Hintentry                          intentry     000000
__Hintret                            intret       000000
__Hintsave_regs                      intsave_regs 000000
__Hirdata                            irdata       000000
__Hmediumconst                       mediumconst  000000
__HnvFARRAM                          nvFARRAM     000000
__Hnvbit                             nvbit        000000
__Hnvrram                            nvrram       000000
__Hparam                             rparam       000000
__Hpowerup                           powerup      000018
__Hram                               ram          000000
__Hramtop                            ramtop       001000
__Hrbit                              rbit         000000
__Hrbss                              rbss         000000
__Hrdata                             rdata        000000
__Hreset_vec                         reset_vec    000004
__Hrparam                            rparam       000000
__Hsfr                               sfr          000000
__Hsmallconst                        smallconst   001080
__Hspace_0                           (abs)        30000E
__Hspace_1                           (abs)        000021
__Hspace_2                           (abs)        000000
__Hstack                             stack        000000
__Hstruct                            struct       000000
__Htemp                              temp         000000
__Htext                              text         000000
__Htext0                             text0        000000
__Htext1                             text1        000000
__Htext10                            text10       000000
__Htext11                            text11       000000
__Htext12                            text12       000000
__Htext13                            text13       000000
__Htext14                            text14       000000
__Htext15                            text15       000000
__Htext16                            text16       000000
__Htext17                            text17       000000
__Htext18                            text18       000000
__Htext19                            text19       000000
__Htext2                             text2        000000
__Htext20                            text20       000000
__Htext21                            text21       000000
__Htext22                            text22       000000
__Htext23                            text23       000000
__Htext24                            text24       000000
__Htext25                            text25       000000
__Htext26                            text26       000000
__Htext27                            text27       000000
__Htext28                            text28       000000
__Htext29                            text29       000000
__Htext3                             text3        000000
__Htext30                            text30       000000
__Htext31                            text31       000000
__Htext32                            text32       000000
__Htext33                            text33       000000
__Htext34                            text34       000000
__Htext35                            text35       000000
__Htext36                            text36       000000
__Htext37                            text37       000000
__Htext38                            text38       000000
__Htext39                            text39       000000
__Htext4                             text4        000000
__Htext40                            text40       000000
__Htext41                            text41       000000
__Htext42                            text42       000000
__Htext43                            text43       000000
__Htext44                            text44       000000
__Htext45                            text45       000000
__Htext46                            text46       000000
__Htext47                            text47       000000
__Htext48                            text48       000000
__Htext5                             text5        000000
__Htext6                             text6        000000
__Htext7                             text7        000000
__Htext8                             text8        000000
__Htext9                             text9        000000
__LRAM                               (abs)        000001
__Labs1                              abs1         000000
__Lbank0                             bank0        000000
__Lbank1                             bank1        000000
__Lbank10                            bank10       000000
__Lbank11                            bank11       000000
__Lbank12                            bank12       000000
__Lbank13                            bank13       000000
__Lbank14                            bank14       000000
__Lbank15                            bank15       000000
__Lbank2                             bank2        000000
__Lbank3                             bank3        000000
__Lbank4                             bank4        000000
__Lbank5                             bank5        000000
__Lbank6                             bank6        000000
__Lbank7                             bank7        000000
__Lbank8                             bank8        000000
__Lbank9                             bank9        000000
__Lbigbss                            bigbss       000000
__Lbigdata                           bigdata      000000
__Lbigram                            bigram       000000
__Lbss                               bss          000000
__LbssCOMRAM                         bssCOMRAM    000000
__Lcinit                             cinit        000000
__Lclrtext                           clrtext      000000
__Lcomram                            comram       000000
__Lconfig                            config       300000
__Lconst                             const        000000
__LcstackCOMRAM                      cstackCOMRAM 000000
__Ldata                              data         000000
__Leeprom_data                       eeprom_data  000000
__Lend_init                          end_init     000018
__Lfarbss                            farbss       000000
__Lfardata                           fardata      000000
__Libigdata                          ibigdata     000000
__Lidata                             idata        000000
__Lidloc                             idloc        200000
__Lifardata                          ifardata     000000
__Linit                              init         000018
__Lintcode                           intcode      000008
__Lintcode_body                      intcode_body 000000
__Lintcodelo                         intcodelo    000018
__Lintentry                          intentry     000000
__Lintret                            intret       000000
__Lintsave_regs                      intsave_regs 000000
__Lirdata                            irdata       000000
__Lmediumconst                       mediumconst  000000
__LnvFARRAM                          nvFARRAM     000000
__Lnvbit                             nvbit        000000
__Lnvrram                            nvrram       000000
__Lparam                             rparam       000000
__Lpowerup                           powerup      000018
__Lram                               ram          000000
__Lramtop                            ramtop       001000
__Lrbit                              rbit         000000
__Lrbss                              rbss         000000
__Lrdata                             rdata        000000
__Lreset_vec                         reset_vec    000000
__Lrparam                            rparam       000000
__Lsfr                               sfr          000000
__Lsmallconst                        smallconst   001000
__Lspace_0                           (abs)        000000
__Lspace_1                           (abs)        000000
__Lspace_2                           (abs)        000000
__Lstack                             stack        000000
__Lstruct                            struct       000000
__Ltemp                              temp         000000
__Ltext                              text         000000
__Ltext0                             text0        000000
__Ltext1                             text1        000000
__Ltext10                            text10       000000
__Ltext11                            text11       000000
__Ltext12                            text12       000000
__Ltext13                            text13       000000
__Ltext14                            text14       000000
__Ltext15                            text15       000000
__Ltext16                            text16       000000
__Ltext17                            text17       000000
__Ltext18                            text18       000000
__Ltext19                            text19       000000
__Ltext2                             text2        000000
__Ltext20                            text20       000000
__Ltext21                            text21       000000
__Ltext22                            text22       000000
__Ltext23                            text23       000000
__Ltext24                            text24       000000
__Ltext25                            text25       000000
__Ltext26                            text26       000000
__Ltext27                            text27       000000
__Ltext28                            text28       000000
__Ltext29                            text29       000000
__Ltext3                             text3        000000
__Ltext30                            text30       000000
__Ltext31                            text31       000000
__Ltext32                            text32       000000
__Ltext33                            text33       000000
__Ltext34                            text34       000000
__Ltext35                            text35       000000
__Ltext36                            text36       000000
__Ltext37                            text37       000000
__Ltext38                            text38       000000
__Ltext39                            text39       000000
__Ltext4                             text4        000000
__Ltext40                            text40       000000
__Ltext41                            text41       000000
__Ltext42                            text42       000000
__Ltext43                            text43       000000
__Ltext44                            text44       000000
__Ltext45                            text45       000000
__Ltext46                            text46       000000
__Ltext47                            text47       000000
__Ltext48                            text48       000000
__Ltext5                             text5        000000
__Ltext6                             text6        000000
__Ltext7                             text7        000000
__Ltext8                             text8        000000
__Ltext9                             text9        000000
__S0                                 (abs)        30000E
__S1                                 (abs)        000021
__S2                                 (abs)        000000
___inthi_sp                          stack        000000
___intlo_sp                          stack        000000
___param_bank                        (abs)        000010
___rparam_used                       (abs)        000001
___sp                                stack        000000
__accesstop                          (abs)        000080
__activetblptr                       (abs)        000003
__end_of_BORtask                     text23       0019A4
__end_of_BusyADC                     text43       001AC6
__end_of_ConvertADC                  text42       001AF4
__end_of_LVtrap                      text44       0019C4
__end_of_OpenADC                     text37       00163A
__end_of_OpenPWM1                    text36       001A8C
__end_of_OpenPWM2                    text35       0017A2
__end_of_OpenTimer2                  text34       001A36
__end_of_OpenUSART                   text33       00157A
__end_of_PORtask                     text22       00137E
__end_of_RESETtask                   text21       001A1A
__end_of_ReadADC                     text41       001A9C
__end_of_STKFULtask                  text20       0019E2
__end_of_SetChanADC                  text40       001A7A
__end_of_SetDCPWM1                   text32       00176A
__end_of_SetDCPWM2                   text31       001730
__end_of_StatusReset                 text24       001AD2
__end_of_WDTtask                     text19       0019FE
__end_of_WaitOneSecond               text11       0016F6
__end_of__initialization             cinit        001AA4
__end_of_adc                         text39       001858
__end_of_check_sensors               text38       001212
__end_of_follow_simple_curves        text4        0017D6
__end_of_gtrap                       text48       0015DC
__end_of_high_isr                    intcode_body 00150A
__end_of_initialization              text13       00140E
__end_of_isBOR                       text18       001A64
__end_of_isPOR                       text17       001962
__end_of_isWDTTO                     text16       00193C
__end_of_lvd_flag_set                text12       001ACC
__end_of_main                        text0        0016BA
__end_of_motor_control               text2        00114E
__end_of_motors_brake_all            text3        001984
__end_of_openLVD                     text30       001A4E
__end_of_openPORTA                   text29       001AEA
__end_of_openPORTB                   text28       001AE4
__end_of_openPORTCforPWM             text27       001AB8
__end_of_openPORTCforUSART           text26       001ADE
__end_of_openPORTD                   text47       001AF0
__end_of_openPORTE                   text25       001AD8
__end_of_printf                      text45       001804
__end_of_putch                       text46       001AF6
__end_of_reset_codes                 text15       00167C
__end_of_set_leds                    text1        00148C
__end_of_set_motor_speed             text10       0012D2
__end_of_set_osc_32MHz               text14       001830
__end_of_spin_left                   text9        001916
__end_of_spin_right                  text8        0018F0
__end_of_straight_fwd                text7        0018CA
__end_of_turn_left                   text6        0018A4
__end_of_turn_right                  text5        00187E
__end_ofset_motor_speed@motor_speeds smallconst   00100F
__initialization                     cinit        001A9C
__mediumconst                        mediumconst  000000
__pbssCOMRAM                         bssCOMRAM    00001D
__pcinit                             cinit        001A9C
__pcstackCOMRAM                      cstackCOMRAM 000001
__pintcode                           intcode      000008
__pintcode_body                      intcode_body 00148C
__psmallconst                        smallconst   001000
__ptext0                             text0        00167C
__ptext1                             text1        00140E
__ptext10                            text10       001212
__ptext11                            text11       0016BA
__ptext12                            text12       001AC6
__ptext13                            text13       00137E
__ptext14                            text14       001804
__ptext15                            text15       00163A
__ptext16                            text16       001916
__ptext17                            text17       00193C
__ptext18                            text18       001A4E
__ptext19                            text19       0019E2
__ptext2                             text2        001080
__ptext20                            text20       0019C4
__ptext21                            text21       0019FE
__ptext22                            text22       0012D2
__ptext23                            text23       001984
__ptext24                            text24       001ACC
__ptext25                            text25       001AD2
__ptext26                            text26       001AD8
__ptext27                            text27       001AAA
__ptext28                            text28       001ADE
__ptext29                            text29       001AE4
__ptext3                             text3        001962
__ptext30                            text30       001A36
__ptext31                            text31       0016F6
__ptext32                            text32       001730
__ptext33                            text33       00150A
__ptext34                            text34       001A1A
__ptext35                            text35       00176A
__ptext36                            text36       001A7A
__ptext37                            text37       0015DC
__ptext38                            text38       00114E
__ptext39                            text39       001830
__ptext4                             text4        0017A2
__ptext40                            text40       001A64
__ptext41                            text41       001A8C
__ptext42                            text42       001AF0
__ptext43                            text43       001AB8
__ptext44                            text44       0019A4
__ptext45                            text45       0017D6
__ptext46                            text46       001AF4
__ptext47                            text47       001AEA
__ptext48                            text48       00157A
__ptext5                             text5        001858
__ptext6                             text6        00187E
__ptext7                             text7        0018A4
__ptext8                             text8        0018CA
__ptext9                             text9        0018F0
__ramtop                             ramtop       001000
__size_of_BORtask                    (abs)        000000
__size_of_BusyADC                    (abs)        000000
__size_of_ConvertADC                 (abs)        000000
__size_of_LVtrap                     (abs)        000000
__size_of_OpenADC                    (abs)        000000
__size_of_OpenPWM1                   (abs)        000000
__size_of_OpenPWM2                   (abs)        000000
__size_of_OpenTimer2                 (abs)        000000
__size_of_OpenUSART                  (abs)        000000
__size_of_PORtask                    (abs)        000000
__size_of_RESETtask                  (abs)        000000
__size_of_ReadADC                    (abs)        000000
__size_of_STKFULtask                 (abs)        000000
__size_of_SetChanADC                 (abs)        000000
__size_of_SetDCPWM1                  (abs)        000000
__size_of_SetDCPWM2                  (abs)        000000
__size_of_StatusReset                (abs)        000000
__size_of_WDTtask                    (abs)        000000
__size_of_WaitOneSecond              (abs)        000000
__size_of_adc                        (abs)        000000
__size_of_check_sensors              (abs)        000000
__size_of_follow_simple_curves       (abs)        000000
__size_of_gtrap                      (abs)        000000
__size_of_high_isr                   (abs)        000000
__size_of_initialization             (abs)        000000
__size_of_isBOR                      (abs)        000000
__size_of_isPOR                      (abs)        000000
__size_of_isWDTTO                    (abs)        000000
__size_of_lvd_flag_set               (abs)        000000
__size_of_main                       (abs)        000000
__size_of_motor_control              (abs)        000000
__size_of_motors_brake_all           (abs)        000000
__size_of_openLVD                    (abs)        000000
__size_of_openPORTA                  (abs)        000000
__size_of_openPORTB                  (abs)        000000
__size_of_openPORTCforPWM            (abs)        000000
__size_of_openPORTCforUSART          (abs)        000000
__size_of_openPORTD                  (abs)        000000
__size_of_openPORTE                  (abs)        000000
__size_of_printf                     (abs)        000000
__size_of_putch                      (abs)        000000
__size_of_reset_codes                (abs)        000000
__size_of_set_leds                   (abs)        000000
__size_of_set_motor_speed            (abs)        000000
__size_of_set_osc_32MHz              (abs)        000000
__size_of_spin_left                  (abs)        000000
__size_of_spin_right                 (abs)        000000
__size_of_straight_fwd               (abs)        000000
__size_of_turn_left                  (abs)        000000
__size_of_turn_right                 (abs)        000000
__smallconst                         smallconst   001000
_adc                                 text39       001830
_check_sensors                       text38       00114E
_follow_simple_curves                text4        0017A2
_gtrap                               text48       00157A
_high_isr                            intcode      000008
_initialization                      text13       00137E
_isBOR                               text18       001A4E
_isPOR                               text17       00193C
_isWDTTO                             text16       001916
_lvd_flag                            bssCOMRAM    000020
_lvd_flag_set                        text12       001AC6
_main                                text0        00167C
_motor_control                       text2        001080
_motors_brake_all                    text3        001962
_openLVD                             text30       001A36
_openPORTA                           text29       001AE4
_openPORTB                           text28       001ADE
_openPORTCforPWM                     text27       001AAA
_openPORTCforUSART                   text26       001AD8
_openPORTD                           text47       001AEA
_openPORTE                           text25       001AD2
_printf                              text45       0017D6
_putch                               text46       001AF4
_reset_codes                         text15       00163A
_set_leds                            text1        00140E
_set_motor_speed                     text10       001212
_set_osc_32MHz                       text14       001804
_spin_left                           text9        0018F0
_spin_right                          text8        0018CA
_straight_fwd                        text7        0018A4
_threshold                           bssCOMRAM    00001D
_turn_left                           text6        00187E
_turn_right                          text5        001858
adc@channel                          cstackCOMRAM 000015
end_of_initialization                cinit        001AA4
gtrap@count                          cstackCOMRAM 00000F
int_func                             intcode_body 00148C
intlevel0                            text         000000
intlevel1                            text         000000
intlevel2                            text         000000
intlevel3                            text         000000
printf@ap                            cstackCOMRAM 000011
printf@c                             cstackCOMRAM 000013
printf@f                             cstackCOMRAM 00000F
set_motor_speed@dir_modifier         cstackCOMRAM 00001A
set_motor_speed@duty_cycle           cstackCOMRAM 00001B
set_motor_speed@motor_speed          cstackCOMRAM 000015
set_motor_speed@motor_speeds         smallconst   001001
set_motor_speed@speed_modifier       cstackCOMRAM 000016
set_motor_speed@the_motor            cstackCOMRAM 000019
set_osc_32MHz@i                      cstackCOMRAM 00000F
stackhi                              (abs)        000F7F
stacklo                              (abs)        000080
start                                init         000018
start_initialization                 cinit        001A9C


FUNCTION INFORMATION:

 *************** function _main *****************
 Defined at:
		line 11 in file "main.c"
 Parameters:    Size  Location     Type
		None
 Auto vars:     Size  Location     Type
		None
 Return value:  Size  Location     Type
		None               void
 Registers used:
		wreg, status,2, status,0, tblptrl, tblptrh, tblptru, prodl, prodh, cstack
 Tracked objects:
		On entry : 
		On exit  : 
		Unchanged: 
 Data sizes:     COMRAM   BANK0   BANK1   BANK2   BANK3   BANK4   BANK5   BANK6   BANK7   BANK8   BANK9  BANK10  BANK11  BANK12  BANK13  BANK14  BANK15
      Params:         0       0       0       0       0       0       0       0       0       0       0       0       0       0       0       0       0
      Locals:         0       0       0       0       0       0       0       0       0       0       0       0       0       0       0       0       0
      Temps:          0       0       0       0       0       0       0       0       0       0       0       0       0       0       0       0       0
      Totals:         0       0       0       0       0       0       0       0       0       0       0       0       0       0       0       0       0
Total ram usage:        0 bytes
 Hardware stack levels required when called:    6
 This function calls:
		_LVtrap
		_check_sensors
		_initialization
		_lvd_flag_set
		_motor_control
		_printf
		_set_leds
 This function is called by:
		Startup code after reset
 This function uses a non-reentrant model


 *************** function _set_leds *****************
 Defined at:
		line 255 in file "sumovore.c"
 Parameters:    Size  Location     Type
		None
 Auto vars:     Size  Location     Type
		None
 Return value:  Size  Location     Type
		None               void
 Registers used:
		wreg, status,2, status,0
 Tracked objects:
		On entry : 
		On exit  : 
		Unchanged: 
 Data sizes:     COMRAM   BANK0   BANK1   BANK2   BANK3   BANK4   BANK5   BANK6   BANK7   BANK8   BANK9  BANK10  BANK11  BANK12  BANK13  BANK14  BANK15
      Params:         0       0       0       0       0       0       0       0       0       0       0       0       0       0       0       0       0
      Locals:         0       0       0       0       0       0       0       0       0       0       0       0       0       0       0       0       0
      Temps:          1       0       0       0       0       0       0       0       0       0       0       0       0       0       0       0       0
      Totals:         1       0       0       0       0       0       0       0       0       0       0       0       0       0       0       0       0
Total ram usage:        1 bytes
 Hardware stack levels used:    1
 Hardware stack levels required when called:    1
 This function calls:
		Nothing
 This function is called by:
		_main
 This function uses a non-reentrant model


 *************** function _motor_control *****************
 Defined at:
		line 12 in file "motor_control.c"
 Parameters:    Size  Location     Type
		None
 Auto vars:     Size  Location     Type
		None
 Return value:  Size  Location     Type
		None               void
 Registers used:
		wreg, status,2, status,0, tblptrl, tblptrh, tblptru, prodl, prodh, cstack
 Tracked objects:
		On entry : 
		On exit  : 
		Unchanged: 
 Data sizes:     COMRAM   BANK0   BANK1   BANK2   BANK3   BANK4   BANK5   BANK6   BANK7   BANK8   BANK9  BANK10  BANK11  BANK12  BANK13  BANK14  BANK15
      Params:         0       0       0       0       0       0       0       0       0       0       0       0       0       0       0       0       0
      Locals:         0       0       0       0       0       0       0       0       0       0       0       0       0       0       0       0       0
      Temps:          0       0       0       0       0       0       0       0       0       0       0       0       0       0       0       0       0
      Totals:         0       0       0       0       0       0       0       0       0       0       0       0       0       0       0       0       0
Total ram usage:        0 bytes
 Hardware stack levels used:    1
 Hardware stack levels required when called:    5
 This function calls:
		_WaitOneSecond
		_follow_simple_curves
		_motors_brake_all
		_set_motor_speed
 This function is called by:
		_main
 This function uses a non-reentrant model


 *************** function _motors_brake_all *****************
 Defined at:
		line 218 in file "sumovore.c"
 Parameters:    Size  Location     Type
		None
 Auto vars:     Size  Location     Type
		None
 Return value:  Size  Location     Type
		None               void
 Registers used:
		wreg, status,2, status,0, cstack
 Tracked objects:
		On entry : 
		On exit  : 
		Unchanged: 
 Data sizes:     COMRAM   BANK0   BANK1   BANK2   BANK3   BANK4   BANK5   BANK6   BANK7   BANK8   BANK9  BANK10  BANK11  BANK12  BANK13  BANK14  BANK15
      Params:         0       0       0       0       0       0       0       0       0       0       0       0       0       0       0       0       0
      Locals:         0       0       0       0       0       0       0       0       0       0       0       0       0       0       0       0       0
      Temps:          0       0       0       0       0       0       0       0       0       0       0       0       0       0       0       0       0
      Totals:         0       0       0       0       0       0       0       0       0       0       0       0       0       0       0       0       0
Total ram usage:        0 bytes
 Hardware stack levels used:    1
 Hardware stack levels required when called:    2
 This function calls:
		_SetDCPWM1
		_SetDCPWM2
 This function is called by:
		_motor_control
 This function uses a non-reentrant model


 *************** function _follow_simple_curves *****************
 Defined at:
		line 80 in file "motor_control.c"
 Parameters:    Size  Location     Type
		None
 Auto vars:     Size  Location     Type
		None
 Return value:  Size  Location     Type
		None               void
 Registers used:
		wreg, status,2, status,0, tblptrl, tblptrh, tblptru, prodl, prodh, cstack
 Tracked objects:
		On entry : 
		On exit  : 
		Unchanged: 
 Data sizes:     COMRAM   BANK0   BANK1   BANK2   BANK3   BANK4   BANK5   BANK6   BANK7   BANK8   BANK9  BANK10  BANK11  BANK12  BANK13  BANK14  BANK15
      Params:         0       0       0       0       0       0       0       0       0       0       0       0       0       0       0       0       0
      Locals:         0       0       0       0       0       0       0       0       0       0       0       0       0       0       0       0       0
      Temps:          0       0       0       0       0       0       0       0       0       0       0       0       0       0       0       0       0
      Totals:         0       0       0       0       0       0       0       0       0       0       0       0       0       0       0       0       0
Total ram usage:        0 bytes
 Hardware stack levels used:    1
 Hardware stack levels required when called:    4
 This function calls:
		_spin_left
		_spin_right
		_straight_fwd
		_turn_left
		_turn_right
 This function is called by:
		_motor_control
 This function uses a non-reentrant model


 *************** function _turn_right *****************
 Defined at:
		line 110 in file "motor_control.c"
 Parameters:    Size  Location     Type
		None
 Auto vars:     Size  Location     Type
		None
 Return value:  Size  Location     Type
		None               void
 Registers used:
		wreg, status,2, status,0, tblptrl, tblptrh, tblptru, prodl, prodh, cstack
 Tracked objects:
		On entry : 
		On exit  : 
		Unchanged: 
 Data sizes:     COMRAM   BANK0   BANK1   BANK2   BANK3   BANK4   BANK5   BANK6   BANK7   BANK8   BANK9  BANK10  BANK11  BANK12  BANK13  BANK14  BANK15
      Params:         0       0       0       0       0       0       0       0       0       0       0       0       0       0       0       0       0
      Locals:         0       0       0       0       0       0       0       0       0       0       0       0       0       0       0       0       0
      Temps:          0       0       0       0       0       0       0       0       0       0       0       0       0       0       0       0       0
      Totals:         0       0       0       0       0       0       0       0       0       0       0       0       0       0       0       0       0
Total ram usage:        0 bytes
 Hardware stack levels used:    1
 Hardware stack levels required when called:    3
 This function calls:
		_set_motor_speed
 This function is called by:
		_follow_simple_curves
 This function uses a non-reentrant model


 *************** function _turn_left *****************
 Defined at:
		line 95 in file "motor_control.c"
 Parameters:    Size  Location     Type
		None
 Auto vars:     Size  Location     Type
		None
 Return value:  Size  Location     Type
		None               void
 Registers used:
		wreg, status,2, status,0, tblptrl, tblptrh, tblptru, prodl, prodh, cstack
 Tracked objects:
		On entry : 
		On exit  : 
		Unchanged: 
 Data sizes:     COMRAM   BANK0   BANK1   BANK2   BANK3   BANK4   BANK5   BANK6   BANK7   BANK8   BANK9  BANK10  BANK11  BANK12  BANK13  BANK14  BANK15
      Params:         0       0       0       0       0       0       0       0       0       0       0       0       0       0       0       0       0
      Locals:         0       0       0       0       0       0       0       0       0       0       0       0       0       0       0       0       0
      Temps:          0       0       0       0       0       0       0       0       0       0       0       0       0       0       0       0       0
      Totals:         0       0       0       0       0       0       0       0       0       0       0       0       0       0       0       0       0
Total ram usage:        0 bytes
 Hardware stack levels used:    1
 Hardware stack levels required when called:    3
 This function calls:
		_set_motor_speed
 This function is called by:
		_follow_simple_curves
 This function uses a non-reentrant model


 *************** function _straight_fwd *****************
 Defined at:
		line 100 in file "motor_control.c"
 Parameters:    Size  Location     Type
		None
 Auto vars:     Size  Location     Type
		None
 Return value:  Size  Location     Type
		None               void
 Registers used:
		wreg, status,2, status,0, tblptrl, tblptrh, tblptru, prodl, prodh, cstack
 Tracked objects:
		On entry : 
		On exit  : 
		Unchanged: 
 Data sizes:     COMRAM   BANK0   BANK1   BANK2   BANK3   BANK4   BANK5   BANK6   BANK7   BANK8   BANK9  BANK10  BANK11  BANK12  BANK13  BANK14  BANK15
      Params:         0       0       0       0       0       0       0       0       0       0       0       0       0       0       0       0       0
      Locals:         0       0       0       0       0       0       0       0       0       0       0       0       0       0       0       0       0
      Temps:          0       0       0       0       0       0       0       0       0       0       0       0       0       0       0       0       0
      Totals:         0       0       0       0       0       0       0       0       0       0       0       0       0       0       0       0       0
Total ram usage:        0 bytes
 Hardware stack levels used:    1
 Hardware stack levels required when called:    3
 This function calls:
		_set_motor_speed
 This function is called by:
		_follow_simple_curves
 This function uses a non-reentrant model


 *************** function _spin_right *****************
 Defined at:
		line 105 in file "motor_control.c"
 Parameters:    Size  Location     Type
		None
 Auto vars:     Size  Location     Type
		None
 Return value:  Size  Location     Type
		None               void
 Registers used:
		wreg, status,2, status,0, tblptrl, tblptrh, tblptru, prodl, prodh, cstack
 Tracked objects:
		On entry : 
		On exit  : 
		Unchanged: 
 Data sizes:     COMRAM   BANK0   BANK1   BANK2   BANK3   BANK4   BANK5   BANK6   BANK7   BANK8   BANK9  BANK10  BANK11  BANK12  BANK13  BANK14  BANK15
      Params:         0       0       0       0       0       0       0       0       0       0       0       0       0       0       0       0       0
      Locals:         0       0       0       0       0       0       0       0       0       0       0       0       0       0       0       0       0
      Temps:          0       0       0       0       0       0       0       0       0       0       0       0       0       0       0       0       0
      Totals:         0       0       0       0       0       0       0       0       0       0       0       0       0       0       0       0       0
Total ram usage:        0 bytes
 Hardware stack levels used:    1
 Hardware stack levels required when called:    3
 This function calls:
		_set_motor_speed
 This function is called by:
		_follow_simple_curves
 This function uses a non-reentrant model


 *************** function _spin_left *****************
 Defined at:
		line 89 in file "motor_control.c"
 Parameters:    Size  Location     Type
		None
 Auto vars:     Size  Location     Type
		None
 Return value:  Size  Location     Type
		None               void
 Registers used:
		wreg, status,2, status,0, tblptrl, tblptrh, tblptru, prodl, prodh, cstack
 Tracked objects:
		On entry : 
		On exit  : 
		Unchanged: 
 Data sizes:     COMRAM   BANK0   BANK1   BANK2   BANK3   BANK4   BANK5   BANK6   BANK7   BANK8   BANK9  BANK10  BANK11  BANK12  BANK13  BANK14  BANK15
      Params:         0       0       0       0       0       0       0       0       0       0       0       0       0       0       0       0       0
      Locals:         0       0       0       0       0       0       0       0       0       0       0       0       0       0       0       0       0
      Temps:          0       0       0       0       0       0       0       0       0       0       0       0       0       0       0       0       0
      Totals:         0       0       0       0       0       0       0       0       0       0       0       0       0       0       0       0       0
Total ram usage:        0 bytes
 Hardware stack levels used:    1
 Hardware stack levels required when called:    3
 This function calls:
		_set_motor_speed
 This function is called by:
		_follow_simple_curves
 This function uses a non-reentrant model


 *************** function _set_motor_speed *****************
 Defined at:
		line 188 in file "sumovore.c"
 Parameters:    Size  Location     Type
  the_motor       1    wreg     enum E4162
  motor_speed     1   20[COMRAM] enum E4154
  speed_modifi    2   21[COMRAM] int 
 Auto vars:     Size  Location     Type
  the_motor       1   24[COMRAM] enum E4162
  duty_cycle      2   26[COMRAM] int 
  dir_modifier    1   25[COMRAM] enum E4218
 Return value:  Size  Location     Type
		None               void
 Registers used:
		wreg, status,2, status,0, tblptrl, tblptrh, tblptru, prodl, prodh, cstack
 Tracked objects:
		On entry : 
		On exit  : 
		Unchanged: 
 Data sizes:     COMRAM   BANK0   BANK1   BANK2   BANK3   BANK4   BANK5   BANK6   BANK7   BANK8   BANK9  BANK10  BANK11  BANK12  BANK13  BANK14  BANK15
      Params:         3       0       0       0       0       0       0       0       0       0       0       0       0       0       0       0       0
      Locals:         4       0       0       0       0       0       0       0       0       0       0       0       0       0       0       0       0
      Temps:          1       0       0       0       0       0       0       0       0       0       0       0       0       0       0       0       0
      Totals:         8       0       0       0       0       0       0       0       0       0       0       0       0       0       0       0       0
Total ram usage:        8 bytes
 Hardware stack levels used:    1
 Hardware stack levels required when called:    2
 This function calls:
		_SetDCPWM1
		_SetDCPWM2
 This function is called by:
		_motor_control
		_spin_left
		_turn_left
		_straight_fwd
		_spin_right
		_turn_right
 This function uses a non-reentrant model


 *************** function _WaitOneSecond *****************
 Defined at:
		line 6 in file "../Common/TimeDelays.c"
 Parameters:    Size  Location     Type
		None
 Auto vars:     Size  Location     Type
  i               2   15[COMRAM] int 
 Return value:  Size  Location     Type
		None               void
 Registers used:
		wreg, status,2, status,0
 Tracked objects:
		On entry : 
		On exit  : 
		Unchanged: 
 Data sizes:     COMRAM   BANK0   BANK1   BANK2   BANK3   BANK4   BANK5   BANK6   BANK7   BANK8   BANK9  BANK10  BANK11  BANK12  BANK13  BANK14  BANK15
      Params:         0       0       0       0       0       0       0       0       0       0       0       0       0       0       0       0       0
      Locals:         2       0       0       0       0       0       0       0       0       0       0       0       0       0       0       0       0
      Temps:          1       0       0       0       0       0       0       0       0       0       0       0       0       0       0       0       0
      Totals:         3       0       0       0       0       0       0       0       0       0       0       0       0       0       0       0       0
Total ram usage:        3 bytes
 Hardware stack levels used:    1
 Hardware stack levels required when called:    1
 This function calls:
		Nothing
 This function is called by:
		_motor_control
 This function uses a non-reentrant model


 *************** function _lvd_flag_set *****************
 Defined at:
		line 47 in file "interrupts.c"
 Parameters:    Size  Location     Type
		None
 Auto vars:     Size  Location     Type
		None
 Return value:  Size  Location     Type
                  1    wreg      unsigned char 
 Registers used:
		wreg, status,2
 Tracked objects:
		On entry : 
		On exit  : 
		Unchanged: 
 Data sizes:     COMRAM   BANK0   BANK1   BANK2   BANK3   BANK4   BANK5   BANK6   BANK7   BANK8   BANK9  BANK10  BANK11  BANK12  BANK13  BANK14  BANK15
      Params:         0       0       0       0       0       0       0       0       0       0       0       0       0       0       0       0       0
      Locals:         0       0       0       0       0       0       0       0       0       0       0       0       0       0       0       0       0
      Temps:          0       0       0       0       0       0       0       0       0       0       0       0       0       0       0       0       0
      Totals:         0       0       0       0       0       0       0       0       0       0       0       0       0       0       0       0       0
Total ram usage:        0 bytes
 Hardware stack levels used:    1
 Hardware stack levels required when called:    1
 This function calls:
		Nothing
 This function is called by:
		_main
 This function uses a non-reentrant model


 *************** function _initialization *****************
 Defined at:
		line 65 in file "sumovore.c"
 Parameters:    Size  Location     Type
		None
 Auto vars:     Size  Location     Type
		None
 Return value:  Size  Location     Type
		None               void
 Registers used:
		wreg, status,2, status,0, tblptrl, tblptrh, tblptru, cstack
 Tracked objects:
		On entry : 
		On exit  : 
		Unchanged: 
 Data sizes:     COMRAM   BANK0   BANK1   BANK2   BANK3   BANK4   BANK5   BANK6   BANK7   BANK8   BANK9  BANK10  BANK11  BANK12  BANK13  BANK14  BANK15
      Params:         0       0       0       0       0       0       0       0       0       0       0       0       0       0       0       0       0
      Locals:         0       0       0       0       0       0       0       0       0       0       0       0       0       0       0       0       0
      Temps:          0       0       0       0       0       0       0       0       0       0       0       0       0       0       0       0       0
      Totals:         0       0       0       0       0       0       0       0       0       0       0       0       0       0       0       0       0
Total ram usage:        0 bytes
 Hardware stack levels used:    1
 Hardware stack levels required when called:    5
 This function calls:
		_OpenADC
		_OpenPWM1
		_OpenPWM2
		_OpenTimer2
		_OpenUSART
		_SetDCPWM1
		_SetDCPWM2
		_openLVD
		_openPORTA
		_openPORTB
		_openPORTCforPWM
		_openPORTCforUSART
		_openPORTD
		_openPORTE
		_reset_codes
		_set_osc_32MHz
 This function is called by:
		_main
 This function uses a non-reentrant model


 *************** function _set_osc_32MHz *****************
 Defined at:
		line 15 in file "../Common/osc.c"
 Parameters:    Size  Location     Type
		None
 Auto vars:     Size  Location     Type
  i               2   14[COMRAM] int 
 Return value:  Size  Location     Type
		None               void
 Registers used:
		wreg, status,2, status,0
 Tracked objects:
		On entry : 
		On exit  : 
		Unchanged: 
 Data sizes:     COMRAM   BANK0   BANK1   BANK2   BANK3   BANK4   BANK5   BANK6   BANK7   BANK8   BANK9  BANK10  BANK11  BANK12  BANK13  BANK14  BANK15
      Params:         0       0       0       0       0       0       0       0       0       0       0       0       0       0       0       0       0
      Locals:         2       0       0       0       0       0       0       0       0       0       0       0       0       0       0       0       0
      Temps:          0       0       0       0       0       0       0       0       0       0       0       0       0       0       0       0       0
      Totals:         2       0       0       0       0       0       0       0       0       0       0       0       0       0       0       0       0
Total ram usage:        2 bytes
 Hardware stack levels used:    1
 Hardware stack levels required when called:    1
 This function calls:
		Nothing
 This function is called by:
		_initialization
 This function uses a non-reentrant model


 *************** function _reset_codes *****************
 Defined at:
		line 281 in file "sumovore.c"
 Parameters:    Size  Location     Type
		None
 Auto vars:     Size  Location     Type
		None
 Return value:  Size  Location     Type
		None               void
 Registers used:
		wreg, status,2, status,0, tblptrl, tblptrh, tblptru, cstack
 Tracked objects:
		On entry : 
		On exit  : 
		Unchanged: 
 Data sizes:     COMRAM   BANK0   BANK1   BANK2   BANK3   BANK4   BANK5   BANK6   BANK7   BANK8   BANK9  BANK10  BANK11  BANK12  BANK13  BANK14  BANK15
      Params:         0       0       0       0       0       0       0       0       0       0       0       0       0       0       0       0       0
      Locals:         0       0       0       0       0       0       0       0       0       0       0       0       0       0       0       0       0
      Temps:          0       0       0       0       0       0       0       0       0       0       0       0       0       0       0       0       0
      Totals:         0       0       0       0       0       0       0       0       0       0       0       0       0       0       0       0       0
Total ram usage:        0 bytes
 Hardware stack levels used:    1
 Hardware stack levels required when called:    4
 This function calls:
		_BORtask
		_PORtask
		_RESETtask
		_STKFULtask
		_WDTtask
		_isBOR
		_isPOR
		_isWDTTO
 This function is called by:
		_initialization
 This function uses a non-reentrant model


 *************** function _isWDTTO *****************
 Defined at:
		line 15 in file "C:\Program Files (x86)\Microchip\xc8\v1.34\sources\pic18\plib\reset\iswdtto.c"
 Parameters:    Size  Location     Type
		None
 Auto vars:     Size  Location     Type
		None
 Return value:  Size  Location     Type
                  1    wreg      unsigned char 
 Registers used:
		wreg
 Tracked objects:
		On entry : 
		On exit  : 
		Unchanged: 
 Data sizes:     COMRAM   BANK0   BANK1   BANK2   BANK3   BANK4   BANK5   BANK6   BANK7   BANK8   BANK9  BANK10  BANK11  BANK12  BANK13  BANK14  BANK15
      Params:         0       0       0       0       0       0       0       0       0       0       0       0       0       0       0       0       0
      Locals:         0       0       0       0       0       0       0       0       0       0       0       0       0       0       0       0       0
      Temps:          0       0       0       0       0       0       0       0       0       0       0       0       0       0       0       0       0
      Totals:         0       0       0       0       0       0       0       0       0       0       0       0       0       0       0       0       0
Total ram usage:        0 bytes
 Hardware stack levels used:    1
 Hardware stack levels required when called:    1
 This function calls:
		Nothing
 This function is called by:
		_reset_codes
 This function uses a non-reentrant model


 *************** function _isPOR *****************
 Defined at:
		line 10 in file "C:\Program Files (x86)\Microchip\xc8\v1.34\sources\pic18\plib\reset\ispor.c"
 Parameters:    Size  Location     Type
		None
 Auto vars:     Size  Location     Type
		None
 Return value:  Size  Location     Type
                  1    wreg      unsigned char 
 Registers used:
		wreg
 Tracked objects:
		On entry : 
		On exit  : 
		Unchanged: 
 Data sizes:     COMRAM   BANK0   BANK1   BANK2   BANK3   BANK4   BANK5   BANK6   BANK7   BANK8   BANK9  BANK10  BANK11  BANK12  BANK13  BANK14  BANK15
      Params:         0       0       0       0       0       0       0       0       0       0       0       0       0       0       0       0       0
      Locals:         0       0       0       0       0       0       0       0       0       0       0       0       0       0       0       0       0
      Temps:          0       0       0       0       0       0       0       0       0       0       0       0       0       0       0       0       0
      Totals:         0       0       0       0       0       0       0       0       0       0       0       0       0       0       0       0       0
Total ram usage:        0 bytes
 Hardware stack levels used:    1
 Hardware stack levels required when called:    1
 This function calls:
		Nothing
 This function is called by:
		_reset_codes
 This function uses a non-reentrant model


 *************** function _isBOR *****************
 Defined at:
		line 12 in file "C:\Program Files (x86)\Microchip\xc8\v1.34\sources\pic18\plib\reset\isbor.c"
 Parameters:    Size  Location     Type
		None
 Auto vars:     Size  Location     Type
		None
 Return value:  Size  Location     Type
                  1    wreg      unsigned char 
 Registers used:
		wreg
 Tracked objects:
		On entry : 
		On exit  : 
		Unchanged: 
 Data sizes:     COMRAM   BANK0   BANK1   BANK2   BANK3   BANK4   BANK5   BANK6   BANK7   BANK8   BANK9  BANK10  BANK11  BANK12  BANK13  BANK14  BANK15
      Params:         0       0       0       0       0       0       0       0       0       0       0       0       0       0       0       0       0
      Locals:         0       0       0       0       0       0       0       0       0       0       0       0       0       0       0       0       0
      Temps:          0       0       0       0       0       0       0       0       0       0       0       0       0       0       0       0       0
      Totals:         0       0       0       0       0       0       0       0       0       0       0       0       0       0       0       0       0
Total ram usage:        0 bytes
 Hardware stack levels used:    1
 Hardware stack levels required when called:    1
 This function calls:
		Nothing
 This function is called by:
		_reset_codes
 This function uses a non-reentrant model


 *************** function _WDTtask *****************
 Defined at:
		line 369 in file "sumovore.c"
 Parameters:    Size  Location     Type
		None
 Auto vars:     Size  Location     Type
		None
 Return value:  Size  Location     Type
		None               void
 Registers used:
		wreg, status,2, status,0, tblptrl, tblptrh, tblptru, cstack
 Tracked objects:
		On entry : 
		On exit  : 
		Unchanged: 
 Data sizes:     COMRAM   BANK0   BANK1   BANK2   BANK3   BANK4   BANK5   BANK6   BANK7   BANK8   BANK9  BANK10  BANK11  BANK12  BANK13  BANK14  BANK15
      Params:         0       0       0       0       0       0       0       0       0       0       0       0       0       0       0       0       0
      Locals:         0       0       0       0       0       0       0       0       0       0       0       0       0       0       0       0       0
      Temps:          0       0       0       0       0       0       0       0       0       0       0       0       0       0       0       0       0
      Totals:         0       0       0       0       0       0       0       0       0       0       0       0       0       0       0       0       0
Total ram usage:        0 bytes
 Hardware stack levels used:    1
 Hardware stack levels required when called:    3
 This function calls:
		_gtrap
		_printf
 This function is called by:
		_reset_codes
 This function uses a non-reentrant model


 *************** function _STKFULtask *****************
 Defined at:
		line 388 in file "sumovore.c"
 Parameters:    Size  Location     Type
		None
 Auto vars:     Size  Location     Type
		None
 Return value:  Size  Location     Type
		None               void
 Registers used:
		wreg, status,2, status,0, tblptrl, tblptrh, tblptru, cstack
 Tracked objects:
		On entry : 
		On exit  : 
		Unchanged: 
 Data sizes:     COMRAM   BANK0   BANK1   BANK2   BANK3   BANK4   BANK5   BANK6   BANK7   BANK8   BANK9  BANK10  BANK11  BANK12  BANK13  BANK14  BANK15
      Params:         0       0       0       0       0       0       0       0       0       0       0       0       0       0       0       0       0
      Locals:         0       0       0       0       0       0       0       0       0       0       0       0       0       0       0       0       0
      Temps:          0       0       0       0       0       0       0       0       0       0       0       0       0       0       0       0       0
      Totals:         0       0       0       0       0       0       0       0       0       0       0       0       0       0       0       0       0
Total ram usage:        0 bytes
 Hardware stack levels used:    1
 Hardware stack levels required when called:    3
 This function calls:
		_gtrap
		_printf
 This function is called by:
		_reset_codes
 This function uses a non-reentrant model


 *************** function _RESETtask *****************
 Defined at:
		line 404 in file "sumovore.c"
 Parameters:    Size  Location     Type
		None
 Auto vars:     Size  Location     Type
		None
 Return value:  Size  Location     Type
		None               void
 Registers used:
		wreg, status,2, status,0, tblptrl, tblptrh, tblptru, cstack
 Tracked objects:
		On entry : 
		On exit  : 
		Unchanged: 
 Data sizes:     COMRAM   BANK0   BANK1   BANK2   BANK3   BANK4   BANK5   BANK6   BANK7   BANK8   BANK9  BANK10  BANK11  BANK12  BANK13  BANK14  BANK15
      Params:         0       0       0       0       0       0       0       0       0       0       0       0       0       0       0       0       0
[...]
      Totals:         2       0       0       0       0       0       0       0       0       0       0       0       0       0       0       0       0
Total ram usage:        2 bytes
 Hardware stack levels used:    1
 Hardware stack levels required when called:    1
 This function calls:
		Nothing
 This function is called by:
		_adc
 This function uses a non-reentrant model


 *************** function _ReadADC *****************
 Defined at:
		line 24 in file "C:\Program Files (x86)\Microchip\xc8\v1.34\sources\pic18\plib\ADC\adcread.c"
 Parameters:    Size  Location     Type
		None
 Auto vars:     Size  Location     Type
		None
 Return value:  Size  Location     Type
                  2   14[COMRAM] int 
 Registers used:
		wreg, status,2
 Tracked objects:
		On entry : 
		On exit  : 
		Unchanged: 
 Data sizes:     COMRAM   BANK0   BANK1   BANK2   BANK3   BANK4   BANK5   BANK6   BANK7   BANK8   BANK9  BANK10  BANK11  BANK12  BANK13  BANK14  BANK15
      Params:         2       0       0       0       0       0       0       0       0       0       0       0       0       0       0       0       0
      Locals:         0       0       0       0       0       0       0       0       0       0       0       0       0       0       0       0       0
      Temps:          2       0       0       0       0       0       0       0       0       0       0       0       0       0       0       0       0
      Totals:         4       0       0       0       0       0       0       0       0       0       0       0       0       0       0       0       0
Total ram usage:        4 bytes
 Hardware stack levels used:    1
 Hardware stack levels required when called:    1
 This function calls:
		Nothing
 This function is called by:
		_adc
 This function uses a non-reentrant model


 *************** function _ConvertADC *****************
 Defined at:
		line 22 in file "C:\Program Files (x86)\Microchip\xc8\v1.34\sources\pic18\plib\ADC\adcconv.c"
 Parameters:    Size  Location     Type
		None
 Auto vars:     Size  Location     Type
		None
 Return value:  Size  Location     Type
		None               void
 Registers used:
		None
 Tracked objects:
		On entry : 
		On exit  : 
		Unchanged: 
 Data sizes:     COMRAM   BANK0   BANK1   BANK2   BANK3   BANK4   BANK5   BANK6   BANK7   BANK8   BANK9  BANK10  BANK11  BANK12  BANK13  BANK14  BANK15
      Params:         0       0       0       0       0       0       0       0       0       0       0       0       0       0       0       0       0
      Locals:         0       0       0       0       0       0       0       0       0       0       0       0       0       0       0       0       0
      Temps:          0       0       0       0       0       0       0       0       0       0       0       0       0       0       0       0       0
      Totals:         0       0       0       0       0       0       0       0       0       0       0       0       0       0       0       0       0
Total ram usage:        0 bytes
 Hardware stack levels used:    1
 Hardware stack levels required when called:    1
 This function calls:
		Nothing
 This function is called by:
		_adc
 This function uses a non-reentrant model


 *************** function _BusyADC *****************
 Defined at:
		line 26 in file "C:\Program Files (x86)\Microchip\xc8\v1.34\sources\pic18\plib\ADC\adcbusy.c"
 Parameters:    Size  Location     Type
		None
 Auto vars:     Size  Location     Type
		None
 Return value:  Size  Location     Type
                  1    wreg      unsigned char 
 Registers used:
		wreg
 Tracked objects:
		On entry : 
		On exit  : 
		Unchanged: 
 Data sizes:     COMRAM   BANK0   BANK1   BANK2   BANK3   BANK4   BANK5   BANK6   BANK7   BANK8   BANK9  BANK10  BANK11  BANK12  BANK13  BANK14  BANK15
      Params:         0       0       0       0       0       0       0       0       0       0       0       0       0       0       0       0       0
      Locals:         0       0       0       0       0       0       0       0       0       0       0       0       0       0       0       0       0
      Temps:          0       0       0       0       0       0       0       0       0       0       0       0       0       0       0       0       0
      Totals:         0       0       0       0       0       0       0       0       0       0       0       0       0       0       0       0       0
Total ram usage:        0 bytes
 Hardware stack levels used:    1
 Hardware stack levels required when called:    1
 This function calls:
		Nothing
 This function is called by:
		_adc
 This function uses a non-reentrant model


 *************** function _LVtrap *****************
 Defined at:
		line 448 in file "sumovore.c"
 Parameters:    Size  Location     Type
		None
 Auto vars:     Size  Location     Type
		None
 Return value:  Size  Location     Type
		None               void
 Registers used:
		wreg, status,2, status,0, tblptrl, tblptrh, tblptru, cstack
 Tracked objects:
		On entry : 
		On exit  : 
		Unchanged: 
 Data sizes:     COMRAM   BANK0   BANK1   BANK2   BANK3   BANK4   BANK5   BANK6   BANK7   BANK8   BANK9  BANK10  BANK11  BANK12  BANK13  BANK14  BANK15
      Params:         0       0       0       0       0       0       0       0       0       0       0       0       0       0       0       0       0
      Locals:         0       0       0       0       0       0       0       0       0       0       0       0       0       0       0       0       0
      Temps:          0       0       0       0       0       0       0       0       0       0       0       0       0       0       0       0       0
      Totals:         0       0       0       0       0       0       0       0       0       0       0       0       0       0       0       0       0
Total ram usage:        0 bytes
 Hardware stack levels used:    1
 Hardware stack levels required when called:    3
 This function calls:
		_gtrap
		_openPORTD
		_printf
 This function is called by:
		_main
 This function uses a non-reentrant model


 *************** function _printf *****************
 Defined at:
		line 464 in file "C:\Program Files (x86)\Microchip\xc8\v1.34\sources\common\doprnt.c"
 Parameters:    Size  Location     Type
  f               2   14[COMRAM] PTR const unsigned char 
		 -> STR_7(7), STR_6(10), STR_5(9), STR_4(9), 
		 -> STR_3(6), STR_2(6), STR_1(64), 
 Auto vars:     Size  Location     Type
  tmpval          4    0        struct .
  cp              3    0        PTR const unsigned char 
  ap              2   16[COMRAM] PTR void [1]
		 -> ?_printf(2), 
  len             2    0        unsigned int 
  val             2    0        unsigned int 
  c               1   18[COMRAM] char 
  flag            1    0        unsigned char 
  prec            1    0        char 
 Return value:  Size  Location     Type
                  2   14[COMRAM] int 
 Registers used:
		wreg, status,2, status,0, tblptrl, tblptrh, tblptru, cstack
 Tracked objects:
		On entry : 
		On exit  : 
		Unchanged: 
 Data sizes:     COMRAM   BANK0   BANK1   BANK2   BANK3   BANK4   BANK5   BANK6   BANK7   BANK8   BANK9  BANK10  BANK11  BANK12  BANK13  BANK14  BANK15
      Params:         2       0       0       0       0       0       0       0       0       0       0       0       0       0       0       0       0
      Locals:         3       0       0       0       0       0       0       0       0       0       0       0       0       0       0       0       0
      Temps:          0       0       0       0       0       0       0       0       0       0       0       0       0       0       0       0       0
      Totals:         5       0       0       0       0       0       0       0       0       0       0       0       0       0       0       0       0
Total ram usage:        5 bytes
 Hardware stack levels used:    1
 Hardware stack levels required when called:    2
 This function calls:
		_putch
 This function is called by:
		_main
		_PORtask
		_BORtask
		_WDTtask
		_STKFULtask
		_RESETtask
		_LVtrap
 This function uses a non-reentrant model


 *************** function _putch *****************
 Defined at:
		line 7 in file "C:\Program Files (x86)\Microchip\xc8\v1.34\sources\common\putch.c"
 Parameters:    Size  Location     Type
  c               1    wreg     unsigned char 
 Auto vars:     Size  Location     Type
  c               1    0[COMRAM] unsigned char 
 Return value:  Size  Location     Type
		None               void
 Registers used:
		wreg
 Tracked objects:
		On entry : 
		On exit  : 
		Unchanged: 
 Data sizes:     COMRAM   BANK0   BANK1   BANK2   BANK3   BANK4   BANK5   BANK6   BANK7   BANK8   BANK9  BANK10  BANK11  BANK12  BANK13  BANK14  BANK15
      Params:         0       0       0       0       0       0       0       0       0       0       0       0       0       0       0       0       0
      Locals:         0       0       0       0       0       0       0       0       0       0       0       0       0       0       0       0       0
      Temps:          0       0       0       0       0       0       0       0       0       0       0       0       0       0       0       0       0
      Totals:         0       0       0       0       0       0       0       0       0       0       0       0       0       0       0       0       0
Total ram usage:        0 bytes
 Hardware stack levels used:    1
 Hardware stack levels required when called:    1
 This function calls:
		Nothing
 This function is called by:
		_printf
 This function uses a non-reentrant model


 *************** function _openPORTD *****************
 Defined at:
		line 168 in file "sumovore.c"
 Parameters:    Size  Location     Type
		None
 Auto vars:     Size  Location     Type
		None
 Return value:  Size  Location     Type
		None               void
 Registers used:
		wreg, status,2
 Tracked objects:
		On entry : 
		On exit  : 
		Unchanged: 
 Data sizes:     COMRAM   BANK0   BANK1   BANK2   BANK3   BANK4   BANK5   BANK6   BANK7   BANK8   BANK9  BANK10  BANK11  BANK12  BANK13  BANK14  BANK15
      Params:         0       0       0       0       0       0       0       0       0       0       0       0       0       0       0       0       0
      Locals:         0       0       0       0       0       0       0       0       0       0       0       0       0       0       0       0       0
      Temps:          0       0       0       0       0       0       0       0       0       0       0       0       0       0       0       0       0
      Totals:         0       0       0       0       0       0       0       0       0       0       0       0       0       0       0       0       0
Total ram usage:        0 bytes
 Hardware stack levels used:    1
 Hardware stack levels required when called:    1
 This function calls:
		Nothing
 This function is called by:
		_initialization
		_LVtrap
 This function uses a non-reentrant model


 *************** function _gtrap *****************
 Defined at:
		line 463 in file "sumovore.c"
 Parameters:    Size  Location     Type
		None
 Auto vars:     Size  Location     Type
  count           4   14[COMRAM] unsigned long 
 Return value:  Size  Location     Type
		None               void
 Registers used:
		wreg, status,2, status,0
 Tracked objects:
		On entry : 
		On exit  : 
		Unchanged: 
 Data sizes:     COMRAM   BANK0   BANK1   BANK2   BANK3   BANK4   BANK5   BANK6   BANK7   BANK8   BANK9  BANK10  BANK11  BANK12  BANK13  BANK14  BANK15
      Params:         0       0       0       0       0       0       0       0       0       0       0       0       0       0       0       0       0
      Locals:         4       0       0       0       0       0       0       0       0       0       0       0       0       0       0       0       0
      Temps:          0       0       0       0       0       0       0       0       0       0       0       0       0       0       0       0       0
      Totals:         4       0       0       0       0       0       0       0       0       0       0       0       0       0       0       0       0
Total ram usage:        4 bytes
 Hardware stack levels used:    1
 Hardware stack levels required when called:    1
 This function calls:
		Nothing
 This function is called by:
		_BORtask
		_WDTtask
		_STKFULtask
		_RESETtask
		_LVtrap
 This function uses a non-reentrant model


 *************** function _high_isr *****************
 Defined at:
		line 24 in file "interrupts.c"
 Parameters:    Size  Location     Type
		None
 Auto vars:     Size  Location     Type
		None
 Return value:  Size  Location     Type
		None               void
 Registers used:
		wreg, status,2
 Tracked objects:
		On entry : 
		On exit  : 
		Unchanged: 
 Data sizes:     COMRAM   BANK0   BANK1   BANK2   BANK3   BANK4   BANK5   BANK6   BANK7   BANK8   BANK9  BANK10  BANK11  BANK12  BANK13  BANK14  BANK15
      Params:         0       0       0       0       0       0       0       0       0       0       0       0       0       0       0       0       0
      Locals:         0       0       0       0       0       0       0       0       0       0       0       0       0       0       0       0       0
      Temps:         14       0       0       0       0       0       0       0       0       0       0       0       0       0       0       0       0
      Totals:        14       0       0       0       0       0       0       0       0       0       0       0       0       0       0       0       0
Total ram usage:       14 bytes
 Hardware stack levels used:    1
 This function calls:
		Nothing
 This function is called by:
		Interrupt level 2
 This function uses a non-reentrant model



MODULE INFORMATION

Module		Function		Class		Link	Load	Size
C:\Program Files (x86)\Microchip\xc8\v1.34\sources\pic18\plib\ADC\adcsetch.c
		_SetChanADC    		CODE           	1A64	0000	23

C:\Program Files (x86)\Microchip\xc8\v1.34\sources\pic18\plib\ADC\adcsetch.c estimated size: 23

C:\Program Files (x86)\Microchip\xc8\v1.34\sources\pic18\plib\reset\iswdtto.c
		_isWDTTO       		CODE           	1916	0000	39

C:\Program Files (x86)\Microchip\xc8\v1.34\sources\pic18\plib\reset\iswdtto.c estimated size: 39

C:\Program Files (x86)\Microchip\xc8\v1.34\sources\pic18\plib\ADC\adcbusy.c
		_BusyADC       		CODE           	1AB8	0000	15

C:\Program Files (x86)\Microchip\xc8\v1.34\sources\pic18\plib\ADC\adcbusy.c estimated size: 15

interrupts.c
		_high_isr      		CODE           	0008	0000	143
		_lvd_flag_set  		CODE           	1AC6	0000	7

interrupts.c estimated size: 150

C:\Program Files (x86)\Microchip\xc8\v1.34\sources\pic18\plib\ADC\adcopen.c
		_OpenADC       		CODE           	15DC	0000	95

C:\Program Files (x86)\Microchip\xc8\v1.34\sources\pic18\plib\ADC\adcopen.c estimated size: 95

C:\Program Files (x86)\Microchip\xc8\v1.34\sources\pic18\plib\USART\uopen.c
		_OpenUSART     		CODE           	150A	0000	113

C:\Program Files (x86)\Microchip\xc8\v1.34\sources\pic18\plib\USART\uopen.c estimated size: 113

C:\Program Files (x86)\Microchip\xc8\v1.34\sources\common\putch.c
		_putch         		CODE           	1AF4	0000	3

C:\Program Files (x86)\Microchip\xc8\v1.34\sources\common\putch.c estimated size: 3

sumovore.c
		_RESETtask     		CODE           	19FE	0000	29
		_initialization		CODE           	137E	0000	145
		_gtrap         		CODE           	157A	0000	99
		_openPORTCforPW		CODE           	1AAA	0000	15
		_adc           		CODE           	1830	0000	41
		_check_sensors 		CODE           	114E	0000	197
		_openPORTCforUS		CODE           	1AD8	0000	7
		_STKFULtask    		CODE           	19C4	0000	31
		_LVtrap        		CODE           	19A4	0000	33
		_set_leds      		CODE           	140E	0000	127
		_motors_brake_a		CODE           	1962	0000	35
		_openPORTA     		CODE           	1AE4	0000	7
		_openPORTB     		CODE           	1ADE	0000	7
		_openPORTD     		CODE           	1AEA	0000	7
		_openPORTE     		CODE           	1AD2	0000	7
		_BORtask       		CODE           	1984	0000	33
		_reset_codes   		CODE           	163A	0000	67
		_openLVD       		CODE           	1A36	0000	25
		_WDTtask       		CODE           	19E2	0000	29
		_set_motor_spee		CODE           	1212	0000	193
		_PORtask       		CODE           	12D2	0000	173

sumovore.c estimated size: 1307

../Common/TimeDelays.c
		_WaitOneSecond 		CODE           	16BA	0000	61

../Common/TimeDelays.c estimated size: 61

C:\Program Files (x86)\Microchip\xc8\v1.34\sources\pic18\plib\PWM\pw2open.c
		_OpenPWM2      		CODE           	176A	0000	57

C:\Program Files (x86)\Microchip\xc8\v1.34\sources\pic18\plib\PWM\pw2open.c estimated size: 57

C:\Program Files (x86)\Microchip\xc8\v1.34\sources\pic18\plib\ADC\adcread.c
		_ReadADC       		CODE           	1A8C	0000	17

C:\Program Files (x86)\Microchip\xc8\v1.34\sources\pic18\plib\ADC\adcread.c estimated size: 17

../Common/osc.c
		_set_osc_32MHz 		CODE           	1804	0000	45

../Common/osc.c estimated size: 45

C:\Program Files (x86)\Microchip\xc8\v1.34\sources\pic18\plib\reset\ispor.c
		_isPOR         		CODE           	193C	0000	39

C:\Program Files (x86)\Microchip\xc8\v1.34\sources\pic18\plib\reset\ispor.c estimated size: 39

shared
		__initializatio		CODE           	1A9C	0000	9
		set_motor_speed		SMALLCONST     	1001	0000	15

shared estimated size: 24

C:\Program Files (x86)\Microchip\xc8\v1.34\sources\pic18\plib\PWM\pw2setdc.c
		_SetDCPWM2     		CODE           	16F6	0000	59

C:\Program Files (x86)\Microchip\xc8\v1.34\sources\pic18\plib\PWM\pw2setdc.c estimated size: 59

C:\Program Files (x86)\Microchip\xc8\v1.34\sources\pic18\plib\ADC\adcconv.c
		_ConvertADC    		CODE           	1AF0	0000	5

C:\Program Files (x86)\Microchip\xc8\v1.34\sources\pic18\plib\ADC\adcconv.c estimated size: 5

C:\Program Files (x86)\Microchip\xc8\v1.34\sources\common\doprnt.c
		_printf        		CODE           	17D6	0000	47

C:\Program Files (x86)\Microchip\xc8\v1.34\sources\common\doprnt.c estimated size: 47

C:\Program Files (x86)\Microchip\xc8\v1.34\sources\pic18\plib\PWM\pw1open.c
		_OpenPWM1      		CODE           	1A7A	0000	19

C:\Program Files (x86)\Microchip\xc8\v1.34\sources\pic18\plib\PWM\pw1open.c estimated size: 19

motor_control.c
		_follow_simple_		CODE           	17A2	0000	53
		_straight_fwd  		CODE           	18A4	0000	39
		_turn_left     		CODE           	187E	0000	39
		_spin_right    		CODE           	18CA	0000	39
		_spin_left     		CODE           	18F0	0000	39
		_motor_control 		CODE           	1080	0000	207
		_turn_right    		CODE           	1858	0000	39

motor_control.c estimated size: 455

C:\Program Files (x86)\Microchip\xc8\v1.34\sources\pic18\plib\Timers\t2open.c
		_OpenTimer2    		CODE           	1A1A	0000	29

C:\Program Files (x86)\Microchip\xc8\v1.34\sources\pic18\plib\Timers\t2open.c estimated size: 29

main.c
		_main          		CODE           	167C	0000	63

main.c estimated size: 63

C:\Program Files (x86)\Microchip\xc8\v1.34\sources\pic18\plib\PWM\pw1setdc.c
		_SetDCPWM1     		CODE           	1730	0000	59

C:\Program Files (x86)\Microchip\xc8\v1.34\sources\pic18\plib\PWM\pw1setdc.c estimated size: 59

C:\Program Files (x86)\Microchip\xc8\v1.34\sources\pic18\plib\reset\statrst.c
		_StatusReset   		CODE           	1ACC	0000	7

C:\Program Files (x86)\Microchip\xc8\v1.34\sources\pic18\plib\reset\statrst.c estimated size: 7

C:\Program Files (x86)\Microchip\xc8\v1.34\sources\pic18\plib\reset\isbor.c
		_isBOR         		CODE           	1A4E	0000	23

C:\Program Files (x86)\Microchip\xc8\v1.34\sources\pic18\plib\reset\isbor.c estimated size: 23

